<html>
<body>
<pre>
<h1>礦ision Build Log</h1>
<h2>Tool Versions:</h2>
IDE-Version: μVision V5.28.0.0
Copyright (C) 2019 ARM Ltd and ARM Germany GmbH. All rights reserved.
License Information: cc cc, 7, LIC=----
 
Tool Versions:
Toolchain:       MDK-ARM Plus  Version: 5.28.0.0
Toolchain Path:  E:\ARM\ARMCC\Bin
C Compiler:      Armcc.exe V5.06 update 6 (build 750)
Assembler:       Armasm.exe V5.06 update 6 (build 750)
Linker/Locator:  ArmLink.exe V5.06 update 6 (build 750)
Library Manager: ArmAr.exe V5.06 update 6 (build 750)
Hex Converter:   FromElf.exe V5.06 update 6 (build 750)
CPU DLL:         SARMCM3.DLL V5.28.0.0
Dialog DLL:      DCM.DLL V1.17.3.0
Target DLL:      STLink\ST-LINKIII-KEIL_SWO.dll V3.0.6.0
Dialog DLL:      TCM.DLL V1.36.2.0
 
<h2>Project:</h2>
\\Mac\Home\Desktop\智慧生活工程\111.uvprojx
Project File Date:  07/04/2025

<h2>Output:</h2>
*** Using Compiler 'V5.06 update 6 (build 750)', folder: 'E:\ARM\ARMCC\Bin'
Rebuild target 'Target 1'
assembling startup_stm32f40_41xxx.s...
compiling main.c...
.\USER\INC\led.h(25): warning:  #1295-D: Deprecated declaration Led_Init - give arg types
  void Led_Init();
.\USER\INC\led.h(26): warning:  #1295-D: Deprecated declaration Led_Close_ALL - give arg types
  void Led_Close_ALL();
.\USER\INC\led.h(28): warning:  #1-D: last line of file ends without a newline
  #endif
.\USER\INC\beep.h(12): warning:  #1295-D: Deprecated declaration Beep_Init - give arg types
  void Beep_Init();
.\USER\INC\beep.h(15): warning:  #1-D: last line of file ends without a newline
  #endif 
.\USER\INC\key.h(10): warning:  #1295-D: Deprecated declaration Key_Init - give arg types
  void Key_Init();
.\USER\INC\key.h(11): warning:  #1295-D: Deprecated declaration Key_Scan - give arg types
  u8 Key_Scan();
.\USER\INC\usart.h(12): warning:  #1295-D: Deprecated declaration USART1_IRQ_Config_send - give arg types
  void USART1_IRQ_Config_send();
.\USER\INC\usart.h(13): warning:  #1295-D: Deprecated declaration USART1_IRQ_Config_receive - give arg types
  void USART1_IRQ_Config_receive();
.\USER\INC\usart.h(21): warning:  #1-D: last line of file ends without a newline
  #endif
USER\SRC\main.c(6): warning:  #177-D: variable "receivedData"  was declared but never referenced
  	char receivedData[10]={0};   // 123\r\n \0   "123\r\n"
USER\SRC\main.c(11): warning:  #177-D: variable "key"  was declared but never referenced
  	u8 key;
USER\SRC\main.c: 12 warnings, 0 errors
compiling system_stm32f4xx.c...
compiling led.c...
.\USER\INC\led.h(25): warning:  #1295-D: Deprecated declaration Led_Init - give arg types
  void Led_Init();
.\USER\INC\led.h(26): warning:  #1295-D: Deprecated declaration Led_Close_ALL - give arg types
  void Led_Close_ALL();
.\USER\INC\led.h(28): warning:  #1-D: last line of file ends without a newline
  #endif
USER\SRC\led.c(26): warning:  #1-D: last line of file ends without a newline
  }
USER\SRC\led.c: 4 warnings, 0 errors
compiling beep.c...
.\USER\INC\beep.h(12): warning:  #1295-D: Deprecated declaration Beep_Init - give arg types
  void Beep_Init();
.\USER\INC\beep.h(15): warning:  #1-D: last line of file ends without a newline
  #endif 
USER\SRC\beep.c: 2 warnings, 0 errors
compiling key.c...
.\USER\INC\key.h(10): warning:  #1295-D: Deprecated declaration Key_Init - give arg types
  void Key_Init();
.\USER\INC\key.h(11): warning:  #1295-D: Deprecated declaration Key_Scan - give arg types
  u8 Key_Scan();
USER\SRC\key.c: 2 warnings, 0 errors
compiling delay.c...
compiling usart.c...
.\USER\INC\led.h(25): warning:  #1295-D: Deprecated declaration Led_Init - give arg types
  void Led_Init();
.\USER\INC\led.h(26): warning:  #1295-D: Deprecated declaration Led_Close_ALL - give arg types
  void Led_Close_ALL();
.\USER\INC\led.h(28): warning:  #1-D: last line of file ends without a newline
  #endif
.\USER\INC\usart.h(12): warning:  #1295-D: Deprecated declaration USART1_IRQ_Config_send - give arg types
  void USART1_IRQ_Config_send();
.\USER\INC\usart.h(13): warning:  #1295-D: Deprecated declaration USART1_IRQ_Config_receive - give arg types
  void USART1_IRQ_Config_receive();
.\USER\INC\usart.h(21): warning:  #1-D: last line of file ends without a newline
  #endif
USER\SRC\usart.c: 6 warnings, 0 errors
compiling stm32f4xx_gpio.c...
compiling stm32f4xx_rcc.c...
compiling misc.c...
compiling stm32f4xx_usart.c...
linking...
Program Size: Code=2996 RO-data=424 RW-data=20 ZI-data=1076  
".\Objects\111.axf" - 0 Error(s), 26 Warning(s).

<h2>Software Packages used:</h2>

<h2>Collection of Component include folders:</h2>
  .\RTE\_Target_1

<h2>Collection of Component Files used:</h2>
Build Time Elapsed:  00:00:03
</pre>
</body>
</html>
